** Drc report for integrated.kicad_pcb **
** Created on 2026-09-30T03:49:10-0700 **

** Found 0 DRC violations **

** Found 221 unconnected pads **
[unconnected_items]: Missing connection between items
    Local override; error
    @(83.4000 mm, 72.7500 mm): Pad 7 [+3V3_ISO] of U404 on F.Cu
    @(83.4000 mm, 72.2500 mm): Pad 8 [+3V3_ISO] of U404 on F.Cu
[unconnected_items]: Missing connection between items
    Local override; error
    @(91.1375 mm, 56.5500 mm): Pad 6 [+3V3_ISO] of U403 on F.Cu
    @(91.1375 mm, 57.5000 mm): Pad 5 [+3V3_ISO] of U403 on F.Cu
[unconnected_items]: Missing connection between items
    Local override; error
    @(93.1750 mm, 56.0000 mm): Pad 1 [+3V3_ISO] of R403 on F.Cu
    @(91.1375 mm, 56.5500 mm): Pad 6 [+3V3_ISO] of U403 on F.Cu
[unconnected_items]: Missing connection between items
    Local override; error
    @(63.8625 mm, 35.0500 mm): Pad 1 [+3V3_ISO] of U102 on F.Cu
    @(63.2250 mm, 33.0000 mm): Pad 1 [+3V3_ISO] of C301 on F.Cu
[unconnected_items]: Missing connection between items
    Local override; error
    @(71.2500 mm, 17.0000 mm): Pad 1 [+3V3_ISO] of U101 on F.Cu
    @(69.0000 mm, 16.9500 mm): Pad 1 [+3V3_ISO] of C105 on F.Cu
[unconnected_items]: Missing connection between items
    Local override; error
    @(67.0000 mm, 68.9125 mm): Pad 1 [+3V3_ISO] of R206 on F.Cu
    @(69.1750 mm, 70.0000 mm): Pad 1 [+3V3_ISO] of R110 on F.Cu
[unconnected_items]: Missing connection between items
    Local override; error
    @(93.1750 mm, 59.0000 mm): Pad 1 [+3V3_ISO] of R404 on F.Cu
    @(91.1375 mm, 57.5000 mm): Pad 5 [+3V3_ISO] of U403 on F.Cu
[unconnected_items]: Missing connection between items
    Local override; error
    @(83.4000 mm, 72.7500 mm): Pad 7 [+3V3_ISO] of U404 on F.Cu
    @(80.6000 mm, 72.7500 mm): Pad 2 [+3V3_ISO] of U404 on F.Cu
[unconnected_items]: Missing connection between items
    Local override; error
    @(63.1750 mm, 25.0000 mm): Pad 1 [+3V3_ISO] of R108 on F.Cu
    @(60.1750 mm, 25.0000 mm): Pad 1 [+3V3_ISO] of R107 on F.Cu
[unconnected_items]: Missing connection between items
    Local override; error
    @(63.8750 mm, 68.9450 mm): Pad 1 [+3V3_ISO] of U202 on F.Cu
    @(67.0000 mm, 68.9125 mm): Pad 1 [+3V3_ISO] of R206 on F.Cu
[unconnected_items]: Missing connection between items
    Local override; error
    @(63.2250 mm, 33.0000 mm): Pad 1 [+3V3_ISO] of C301 on F.Cu
    @(60.0000 mm, 32.6500 mm): Pad 1 [+3V3_ISO] of C107 on F.Cu
[unconnected_items]: Missing connection between items
    Local override; error
    @(60.3725 mm, 36.0950 mm): Pad 8 [+3V3_ISO] of U301 on F.Cu
    @(60.0000 mm, 32.6500 mm): Pad 1 [+3V3_ISO] of C107 on F.Cu
[unconnected_items]: Missing connection between items
    Local override; error
    @(60.0000 mm, 32.6500 mm): Pad 1 [+3V3_ISO] of C107 on F.Cu
    @(60.7125 mm, 29.0000 mm): Pad 5 [+3V3_ISO] of U103 on F.Cu
[unconnected_items]: Missing connection between items
    Local override; error
    @(81.0000 mm, 76.5750 mm): Pad 1 [+3V3_ISO] of C404 on F.Cu
    @(80.6000 mm, 72.7500 mm): Pad 2 [+3V3_ISO] of U404 on F.Cu
[unconnected_items]: Missing connection between items
    Local override; error
    @(69.0000 mm, 16.9500 mm): Pad 1 [+3V3_ISO] of C105 on F.Cu
    @(68.5000 mm, 20.8250 mm): Pad 1 [+3V3_ISO] of R103 on F.Cu
[unconnected_items]: Missing connection between items
    Local override; error
    @(81.0000 mm, 76.5750 mm): Pad 1 [+3V3_ISO] of C404 on F.Cu
    @(84.1375 mm, 79.0500 mm): Pad 5 [+3V3_ISO] of U405 on F.Cu
[unconnected_items]: Missing connection between items
    Local override; error
    @(91.1750 mm, 34.0000 mm): Pad 1 [+3V3_ISO] of R104 on F.Cu
    @(95.1750 mm, 34.0000 mm): Pad 1 [+3V3_ISO] of R105 on F.Cu
[unconnected_items]: Missing connection between items
    Local override; error
    @(60.1750 mm, 25.0000 mm): Pad 1 [+3V3_ISO] of R107 on F.Cu
    @(60.7125 mm, 29.0000 mm): Pad 5 [+3V3_ISO] of U103 on F.Cu
[unconnected_items]: Missing connection between items
    Local override; error
    @(67.0000 mm, 63.9500 mm): Pad 1 [+3V3_ISO] of CI201 on F.Cu
    @(63.8750 mm, 61.3250 mm): Pad 7 [+3V3_ISO] of U202 on F.Cu
[unconnected_items]: Missing connection between items
    Local override; error
    @(81.6375 mm, 68.0500 mm): Pad 5 [+3V3_ISO] of U406 on F.Cu
    @(84.7500 mm, 65.2500 mm): PTH pad 1 [+3V3_ISO] of SW401
[unconnected_items]: Missing connection between items
    Local override; error
    @(72.5250 mm, 36.0000 mm): Track [+3V3_ISO] on F.Cu, length 1.5900 mm
    @(69.1750 mm, 33.0000 mm): Pad 1 [+3V3_ISO] of R106 on F.Cu
[unconnected_items]: Missing connection between items
    Local override; error
    @(81.6375 mm, 68.0500 mm): Pad 5 [+3V3_ISO] of U406 on F.Cu
    @(83.4000 mm, 72.2500 mm): Pad 8 [+3V3_ISO] of U404 on F.Cu
[unconnected_items]: Missing connection between items
    Local override; error
    @(86.2250 mm, 55.0000 mm): Pad 1 [+3V3_ISO] of C403 on F.Cu
    @(89.2250 mm, 51.5000 mm): Pad 1 [+3V3_ISO] of C402 on F.Cu
[unconnected_items]: Missing connection between items
    Local override; error
    @(81.6375 mm, 68.0500 mm): Pad 5 [+3V3_ISO] of U406 on F.Cu
    @(77.0000 mm, 68.7750 mm): Pad 1 [+3V3_ISO] of C407 on F.Cu
[unconnected_items]: Missing connection between items
    Local override; error
    @(89.2250 mm, 51.5000 mm): Pad 1 [+3V3_ISO] of C402 on F.Cu
    @(91.1375 mm, 47.0500 mm): Pad 5 [+3V3_ISO] of U402 on F.Cu
[unconnected_items]: Missing connection between items
    Local override; error
    @(67.0000 mm, 63.9500 mm): Pad 1 [+3V3_ISO] of CI201 on F.Cu
    @(67.0000 mm, 68.9125 mm): Pad 1 [+3V3_ISO] of R206 on F.Cu
[unconnected_items]: Missing connection between items
    Local override; error
    @(94.0000 mm, 39.0000 mm): PTH pad 1 [+3V3_ISO] of J403
    @(95.1750 mm, 34.0000 mm): Pad 1 [+3V3_ISO] of R105 on F.Cu
[unconnected_items]: Missing connection between items
    Local override; error
    @(86.2250 mm, 55.0000 mm): Pad 1 [+3V3_ISO] of C403 on F.Cu
    @(91.1375 mm, 56.5500 mm): Pad 6 [+3V3_ISO] of U403 on F.Cu
[unconnected_items]: Missing connection between items
    Local override; error
    @(69.1750 mm, 33.0000 mm): Pad 1 [+3V3_ISO] of R106 on F.Cu
    @(63.8625 mm, 35.0500 mm): Pad 1 [+3V3_ISO] of U102 on F.Cu
[unconnected_items]: Missing connection between items
    Local override; error
    @(64.0000 mm, 40.8250 mm): Pad 1 [+3V3_ISO] of R305 on F.Cu
    @(63.8625 mm, 35.0500 mm): Pad 1 [+3V3_ISO] of U102 on F.Cu
[unconnected_items]: Missing connection between items
    Local override; error
    @(81.0000 mm, 76.5750 mm): Pad 1 [+3V3_ISO] of C404 on F.Cu
    @(78.2250 mm, 82.0000 mm): Pad 1 [+3V3_ISO] of C406 on F.Cu
[unconnected_items]: Missing connection between items
    Local override; error
    @(84.7500 mm, 65.2500 mm): PTH pad 1 [+3V3_ISO] of SW401
    @(91.2500 mm, 65.2500 mm): PTH pad 1 [+3V3_ISO] of SW401
[unconnected_items]: Missing connection between items
    Local override; error
    @(91.2500 mm, 65.2500 mm): PTH pad 1 [+3V3_ISO] of SW401
    @(93.1750 mm, 59.0000 mm): Pad 1 [+3V3_ISO] of R404 on F.Cu
[unconnected_items]: Missing connection between items
    Local override; error
    @(63.1750 mm, 25.0000 mm): Pad 1 [+3V3_ISO] of R108 on F.Cu
    @(68.5000 mm, 20.8250 mm): Pad 1 [+3V3_ISO] of R103 on F.Cu
[unconnected_items]: Missing connection between items
    Local override; error
    @(77.0000 mm, 68.7750 mm): Pad 1 [+3V3_ISO] of C407 on F.Cu
    @(69.1750 mm, 70.0000 mm): Pad 1 [+3V3_ISO] of R110 on F.Cu
[unconnected_items]: Missing connection between items
    Local override; error
    @(94.0000 mm, 39.0000 mm): PTH pad 1 [+3V3_ISO] of J403
    @(91.1375 mm, 47.0500 mm): Pad 5 [+3V3_ISO] of U402 on F.Cu
[unconnected_items]: Missing connection between items
    Local override; error
    @(91.1750 mm, 34.0000 mm): Pad 1 [+3V3_ISO] of R104 on F.Cu
    @(76.0000 mm, 36.9500 mm): Track [+3V3_ISO] on F.Cu, length 4.0000 mm
[unconnected_items]: Missing connection between items
    Local override; error
    @(63.8625 mm, 36.9500 mm): Pad 3 [+5V_ISO] of U102 on F.Cu
    @(63.8625 mm, 36.0000 mm): Pad 2 [+5V_ISO] of U102 on F.Cu
[unconnected_items]: Missing connection between items
    Local override; error
    @(63.8750 mm, 79.9050 mm): Pad 3 [+5V_ISO] of PS201 on F.Cu
    @(63.8750 mm, 82.4450 mm): Pad 1 [+5V_ISO] of PS201 on F.Cu
[unconnected_items]: Missing connection between items
    Local override; error
    @(67.0000 mm, 80.9500 mm): Pad 1 [+5V_ISO] of CP202 on F.Cu
    @(63.8750 mm, 79.9050 mm): Pad 3 [+5V_ISO] of PS201 on F.Cu
[unconnected_items]: Missing connection between items
    Local override; error
    @(67.0000 mm, 76.9500 mm): Pad 1 [+5V_ISO] of CP201 on F.Cu
    @(67.0000 mm, 80.9500 mm): Pad 1 [+5V_ISO] of CP202 on F.Cu
[unconnected_items]: Missing connection between items
    Local override; error
    @(74.5625 mm, 59.4500 mm): Pad 2 [+5V_ISO] of Q401 on F.Cu
    @(74.1750 mm, 55.0000 mm): Pad 1 [+5V_ISO] of R409 on F.Cu
[unconnected_items]: Missing connection between items
    Local override; error
    @(62.5000 mm, 29.9500 mm): Pad 1 [+5V_ISO] of C101 on F.Cu
    @(63.8625 mm, 36.0000 mm): Pad 2 [+5V_ISO] of U102 on F.Cu
[unconnected_items]: Missing connection between items
    Local override; error
    @(62.5000 mm, 29.9500 mm): Pad 1 [+5V_ISO] of C101 on F.Cu
    @(53.1000 mm, 16.9500 mm): PTH pad 4 [+5V_ISO] of PS101
[unconnected_items]: Missing connection between items
    Local override; error
    @(67.0000 mm, 76.9500 mm): Pad 1 [+5V_ISO] of CP201 on F.Cu
    @(74.5625 mm, 59.4500 mm): Pad 2 [+5V_ISO] of Q401 on F.Cu
[unconnected_items]: Missing connection between items
    Local override; error
    @(63.8625 mm, 36.9500 mm): Pad 3 [+5V_ISO] of U102 on F.Cu
    @(74.1750 mm, 55.0000 mm): Pad 1 [+5V_ISO] of R409 on F.Cu
[unconnected_items]: Missing connection between items
    Local override; error
    @(70.8250 mm, 33.0000 mm): Pad 2 [BOOT2] of R106 on F.Cu
    @(88.7500 mm, 20.0000 mm): Pad 16 [BOOT2] of U101 on F.Cu
[unconnected_items]: Missing connection between items
    Local override; error
    @(71.2500 mm, 26.0000 mm): Pad 7 [BOOT8] of U101 on F.Cu
    @(96.8250 mm, 34.0000 mm): Pad 2 [BOOT8] of R105 on F.Cu
[unconnected_items]: Missing connection between items
    Local override; error
    @(69.6200 mm, 7.0000 mm): PTH pad 4 [BOOT9] of J104
    @(71.2500 mm, 27.5000 mm): Pad 8 [BOOT9] of U101 on F.Cu
[unconnected_items]: Missing connection between items
    Local override; error
    @(71.2500 mm, 27.5000 mm): Pad 8 [BOOT9] of U101 on F.Cu
    @(92.8250 mm, 34.0000 mm): Pad 2 [BOOT9] of R104 on F.Cu
[unconnected_items]: Missing connection between items
    Local override; error
    @(70.8250 mm, 70.0000 mm): Pad 2 [BUTTON] of R110 on F.Cu
    @(70.7500 mm, 74.2500 mm): PTH pad 1 [BUTTON] of SW101
[unconnected_items]: Missing connection between items
    Local override; error
    @(70.7500 mm, 74.2500 mm): PTH pad 1 [BUTTON] of SW101
    @(77.2500 mm, 74.2500 mm): PTH pad 1 [BUTTON] of SW101
[unconnected_items]: Missing connection between items
    Local override; error
    @(88.7500 mm, 24.5000 mm): Pad 13 [BUTTON] of U101 on F.Cu
    @(70.8250 mm, 70.0000 mm): Pad 2 [BUTTON] of R110 on F.Cu
[unconnected_items]: Missing connection between items
    Local override; error
    @(74.0000 mm, 43.0000 mm): Pad 1 [COIL_5V] of D101 on F.Cu
    @(69.5000 mm, 47.5000 mm): PTH pad A1 [COIL_5V] of K101
[unconnected_items]: Missing connection between items
    Local override; error
    @(69.5000 mm, 47.5000 mm): PTH pad A1 [COIL_5V] of K101
    @(76.4375 mm, 58.5000 mm): Pad 3 [COIL_5V] of Q401 on F.Cu
[unconnected_items]: Missing connection between items
    Local override; error
    @(76.9375 mm, 48.0000 mm): Pad 3 [COIL_LOW] of Q101 on F.Cu
    @(78.0000 mm, 43.0000 mm): Pad 2 [COIL_LOW] of D101 on F.Cu
[unconnected_items]: Missing connection between items
    Local override; error
    @(69.5000 mm, 55.0000 mm): PTH pad A2 [COIL_LOW] of K101
    @(76.9375 mm, 48.0000 mm): Pad 3 [COIL_LOW] of Q101 on F.Cu
[unconnected_items]: Missing connection between items
    Local override; error
    @(71.2500 mm, 18.5000 mm): Pad 2 [EN] of U101 on F.Cu
    @(68.5000 mm, 19.1750 mm): Pad 2 [EN] of R103 on F.Cu
[unconnected_items]: Missing connection between items
    Local override; error
    @(68.5000 mm, 19.1750 mm): Pad 2 [EN] of R103 on F.Cu
    @(68.5000 mm, 24.9500 mm): Pad 1 [EN] of C106 on F.Cu
[unconnected_items]: Missing connection between items
    Local override; error
    @(71.2500 mm, 18.5000 mm): Pad 2 [EN] of U101 on F.Cu
    @(72.1600 mm, 7.0000 mm): PTH pad 5 [EN] of J104
[unconnected_items]: Missing connection between items
    Local override; error
    @(80.0000 mm, 51.8250 mm): Pad 1 [GATE] of R102 on F.Cu
    @(80.0000 mm, 47.1750 mm): Pad 2 [GATE] of R101 on F.Cu
[unconnected_items]: Missing connection between items
    Local override; error
    @(80.0000 mm, 47.1750 mm): Pad 2 [GATE] of R101 on F.Cu
    @(75.0625 mm, 47.0500 mm): Pad 1 [GATE] of Q101 on F.Cu
[unconnected_items]: Missing connection between items
    Local override; error
    @(80.6000 mm, 73.7500 mm): Pad 4 [GND_ISO] of U404 on F.Cu
    @(81.0000 mm, 75.0250 mm): Pad 2 [GND_ISO] of C404 on F.Cu
[unconnected_items]: Missing connection between items
    Local override; error
    @(60.0000 mm, 30.7500 mm): Pad 2 [GND_ISO] of C107 on F.Cu
    @(60.7125 mm, 29.5000 mm): Pad 4 [GND_ISO] of U103 on F.Cu
[unconnected_items]: Missing connection between items
    Local override; error
    @(60.7125 mm, 29.5000 mm): Pad 4 [GND_ISO] of U103 on F.Cu
    @(59.2875 mm, 29.0000 mm): Pad 2 [GND_ISO] of U103 on F.Cu
[unconnected_items]: Missing connection between items
    Local override; error
    @(79.0625 mm, 62.9500 mm): Pad 2 [GND_ISO] of Q403 on F.Cu
    @(78.8250 mm, 65.0000 mm): Pad 2 [GND_ISO] of R413 on F.Cu
[unconnected_items]: Missing connection between items
    Local override; error
    @(62.5000 mm, 28.0500 mm): Pad 2 [GND_ISO] of C101 on F.Cu
    @(60.7125 mm, 29.5000 mm): Pad 4 [GND_ISO] of U103 on F.Cu
[unconnected_items]: Missing connection between items
    Local override; error
    @(79.7750 mm, 82.0000 mm): Pad 2 [GND_ISO] of C406 on F.Cu
    @(81.8625 mm, 80.9500 mm): Pad 3 [GND_ISO] of U405 on F.Cu
[unconnected_items]: Missing connection between items
    Local override; error
    @(88.8625 mm, 57.5000 mm): Pad 2 [GND_ISO] of U403 on F.Cu
    @(87.7750 mm, 55.0000 mm): Pad 2 [GND_ISO] of C403 on F.Cu
[unconnected_items]: Missing connection between items
    Local override; error
    @(78.8250 mm, 65.0000 mm): Pad 2 [GND_ISO] of R413 on F.Cu
    @(77.0000 mm, 67.2250 mm): Pad 2 [GND_ISO] of C407 on F.Cu
[unconnected_items]: Missing connection between items
    Local override; error
    @(88.8625 mm, 48.9500 mm): Pad 3 [GND_ISO] of U402 on F.Cu
    @(90.7750 mm, 51.5000 mm): Pad 2 [GND_ISO] of C402 on F.Cu
[unconnected_items]: Missing connection between items
    Local override; error
    @(77.0000 mm, 67.2250 mm): Pad 2 [GND_ISO] of C407 on F.Cu
    @(79.3625 mm, 69.9500 mm): Pad 3 [GND_ISO] of U406 on F.Cu
[unconnected_items]: Missing connection between items
    Local override; error
    @(67.0000 mm, 62.0500 mm): Pad 2 [GND_ISO] of CI201 on F.Cu
    @(63.8750 mm, 60.0550 mm): Pad 8 [GND_ISO] of U202 on F.Cu
[unconnected_items]: Missing connection between items
    Local override; error
    @(67.0000 mm, 79.0500 mm): Pad 2 [GND_ISO] of CP202 on F.Cu
    @(70.7500 mm, 78.7500 mm): PTH pad 2 [GND_ISO] of SW101
[unconnected_items]: Missing connection between items
    Local override; error
    @(67.0000 mm, 79.0500 mm): Pad 2 [GND_ISO] of CP202 on F.Cu
    @(63.8750 mm, 81.1750 mm): Pad 2 [GND_ISO] of PS201 on F.Cu
[unconnected_items]: Missing connection between items
    Local override; error
    @(80.6000 mm, 73.7500 mm): Pad 4 [GND_ISO] of U404 on F.Cu
    @(79.3625 mm, 69.9500 mm): Pad 3 [GND_ISO] of U406 on F.Cu
[unconnected_items]: Missing connection between items
    Local override; error
    @(67.0000 mm, 79.0500 mm): Pad 2 [GND_ISO] of CP202 on F.Cu
    @(67.0000 mm, 75.0500 mm): Pad 2 [GND_ISO] of CP201 on F.Cu
[unconnected_items]: Missing connection between items
    Local override; error
    @(80.0000 mm, 35.0500 mm): Pad 2 [GND_ISO] of C104 on F.Cu
    @(76.0000 mm, 35.0500 mm): Pad 2 [GND_ISO] of C103 on F.Cu
[unconnected_items]: Missing connection between items
    Local override; error
    @(77.2500 mm, 78.7500 mm): PTH pad 2 [GND_ISO] of SW101
    @(79.7750 mm, 82.0000 mm): Pad 2 [GND_ISO] of C406 on F.Cu
[unconnected_items]: Missing connection between items
    Local override; error
    @(66.1375 mm, 36.9500 mm): Pad 4 [GND_ISO] of U102 on F.Cu
    @(64.7750 mm, 33.0000 mm): Pad 2 [GND_ISO] of C301 on F.Cu
[unconnected_items]: Missing connection between items
    Local override; error
    @(87.7750 mm, 55.0000 mm): Pad 2 [GND_ISO] of C403 on F.Cu
    @(90.7750 mm, 51.5000 mm): Pad 2 [GND_ISO] of C402 on F.Cu
[unconnected_items]: Missing connection between items
    Local override; error
    @(90.7750 mm, 51.5000 mm): Pad 2 [GND_ISO] of C402 on F.Cu
    @(94.8250 mm, 49.0000 mm): Pad 2 [GND_ISO] of R402 on F.Cu
[unconnected_items]: Missing connection between items
    Local override; error
    @(75.0625 mm, 48.9500 mm): Pad 2 [GND_ISO] of Q101 on F.Cu
    @(80.0000 mm, 50.1750 mm): Pad 2 [GND_ISO] of R102 on F.Cu
[unconnected_items]: Missing connection between items
    Local override; error
    @(64.7750 mm, 33.0000 mm): Pad 2 [GND_ISO] of C301 on F.Cu
    @(60.0000 mm, 30.7500 mm): Pad 2 [GND_ISO] of C107 on F.Cu
[unconnected_items]: Missing connection between items
    Local override; error
    @(81.0000 mm, 75.0250 mm): Pad 2 [GND_ISO] of C404 on F.Cu
    @(77.2500 mm, 78.7500 mm): PTH pad 2 [GND_ISO] of SW101
[unconnected_items]: Missing connection between items
    Local override; error
    @(63.8750 mm, 67.6750 mm): Pad 2 [GND_ISO] of U202 on F.Cu
    @(67.0000 mm, 62.0500 mm): Pad 2 [GND_ISO] of CI201 on F.Cu
[unconnected_items]: Missing connection between items
    Local override; error
    @(66.1375 mm, 36.9500 mm): Pad 4 [GND_ISO] of U102 on F.Cu
    @(60.3725 mm, 39.9050 mm): Pad 5 [GND_ISO] of U301 on F.Cu
[unconnected_items]: Missing connection between items
    Local override; error
    @(77.2500 mm, 78.7500 mm): PTH pad 2 [GND_ISO] of SW101
    @(70.7500 mm, 78.7500 mm): PTH pad 2 [GND_ISO] of SW101
[unconnected_items]: Missing connection between items
    Local override; error
    @(71.2500 mm, 29.0000 mm): Pad 9 [GND_ISO] of U101 on F.Cu
    @(68.5000 mm, 23.0500 mm): Pad 2 [GND_ISO] of C106 on F.Cu
[unconnected_items]: Missing connection between items
    Local override; error
    @(88.7750 mm, 80.0000 mm): Pad 2 [GND_ISO] of C405 on F.Cu
    @(81.8625 mm, 80.9500 mm): Pad 3 [GND_ISO] of U405 on F.Cu
[unconnected_items]: Missing connection between items
    Local override; error
    @(53.1000 mm, 24.9500 mm): PTH pad 3 [GND_ISO] of PS101
    @(59.2875 mm, 29.0000 mm): Pad 2 [GND_ISO] of U103 on F.Cu
[unconnected_items]: Missing connection between items
    Local override; error
    @(94.8250 mm, 49.0000 mm): Pad 2 [GND_ISO] of R402 on F.Cu
    @(94.0000 mm, 41.5400 mm): PTH pad 2 [GND_ISO] of J403
[unconnected_items]: Missing connection between items
    Local override; error
    @(71.2500 mm, 29.0000 mm): Pad 9 [GND_ISO] of U101 on F.Cu
    @(64.7750 mm, 33.0000 mm): Pad 2 [GND_ISO] of C301 on F.Cu
[unconnected_items]: Missing connection between items
    Local override; error
    @(76.0000 mm, 35.0500 mm): Pad 2 [GND_ISO] of C103 on F.Cu
    @(71.2500 mm, 29.0000 mm): Pad 9 [GND_ISO] of U101 on F.Cu
[unconnected_items]: Missing connection between items
    Local override; error
    @(67.0000 mm, 75.0500 mm): Pad 2 [GND_ISO] of CP201 on F.Cu
    @(63.8750 mm, 67.6750 mm): Pad 2 [GND_ISO] of U202 on F.Cu
[unconnected_items]: Missing connection between items
    Local override; error
    @(68.5000 mm, 23.0500 mm): Pad 2 [GND_ISO] of C106 on F.Cu
    @(69.0000 mm, 15.0500 mm): Pad 2 [GND_ISO] of C105 on F.Cu
[unconnected_items]: Missing connection between items
    Local override; error
    @(88.7750 mm, 80.0000 mm): Pad 2 [GND_ISO] of C405 on F.Cu
    @(91.8250 mm, 72.5000 mm): Pad 2 [GND_ISO] of R407 on F.Cu
[unconnected_items]: Missing connection between items
    Local override; error
    @(80.0000 mm, 50.1750 mm): Pad 2 [GND_ISO] of R102 on F.Cu
    @(88.8625 mm, 48.9500 mm): Pad 3 [GND_ISO] of U402 on F.Cu
[unconnected_items]: Missing connection between items
    Local override; error
    @(79.8600 mm, 23.7500 mm): PTH pad 19 [GND_ISO] of U101
    @(71.2500 mm, 29.0000 mm): Pad 9 [GND_ISO] of U101 on F.Cu
[unconnected_items]: Missing connection between items
    Local override; error
    @(69.0000 mm, 15.0500 mm): Pad 2 [GND_ISO] of C105 on F.Cu
    @(62.0000 mm, 7.0000 mm): PTH pad 1 [GND_ISO] of J104
[unconnected_items]: Missing connection between items
    Local override; error
    @(88.8625 mm, 57.5000 mm): Pad 2 [GND_ISO] of U403 on F.Cu
    @(79.0625 mm, 62.9500 mm): Pad 2 [GND_ISO] of Q403 on F.Cu
[unconnected_items]: Missing connection between items
    Local override; error
    @(82.7300 mm, 8.5000 mm): PTH pad 1 [GND_ISO] of LED101
    @(81.5100 mm, 22.1000 mm): PTH pad 19 [GND_ISO] of U101
[unconnected_items]: Missing connection between items
    Local override; error
    @(76.0000 mm, 35.0500 mm): Pad 2 [GND_ISO] of C103 on F.Cu
    @(75.0625 mm, 48.9500 mm): Pad 2 [GND_ISO] of Q101 on F.Cu
[unconnected_items]: Missing connection between items
    Local override; error
    @(45.2875 mm, 66.5000 mm): Pad 1 [HOT_3V3] of R203 on F.Cu
    @(47.0000 mm, 64.4125 mm): Pad 1 [HOT_3V3] of R204 on F.Cu
[unconnected_items]: Missing connection between items
    Local override; error
    @(47.0000 mm, 64.4125 mm): Pad 1 [HOT_3V3] of R204 on F.Cu
    @(48.7500 mm, 66.5000 mm): Pad 1 [HOT_3V3] of C205 on F.Cu
[unconnected_items]: Missing connection between items
    Local override; error
    @(50.0500 mm, 72.5000 mm): Pad 1 [HOT_3V3] of CP203 on F.Cu
    @(48.5500 mm, 70.0000 mm): Pad 1 [HOT_3V3] of C204 on F.Cu
[unconnected_items]: Missing connection between items
    Local override; error
    @(48.0500 mm, 75.0000 mm): Pad 1 [HOT_3V3] of CP204 on F.Cu
    @(50.0500 mm, 72.5000 mm): Pad 1 [HOT_3V3] of CP203 on F.Cu
[unconnected_items]: Missing connection between items
    Local override; error
    @(51.0000 mm, 63.9500 mm): Pad 1 [HOT_3V3] of CI202 on F.Cu
    @(48.7500 mm, 66.5000 mm): Pad 1 [HOT_3V3] of C205 on F.Cu
[unconnected_items]: Missing connection between items
    Local override; error
    @(42.8500 mm, 83.2000 mm): Pad 1 [HOT_3V3] of CX201 on F.Cu
    @(43.7250 mm, 79.8500 mm): Pad 28 [HOT_3V3] of U201 on F.Cu
[unconnected_items]: Missing connection between items
    Local override; error
    @(48.5500 mm, 70.0000 mm): Pad 1 [HOT_3V3] of C204 on F.Cu
    @(48.7500 mm, 66.5000 mm): Pad 1 [HOT_3V3] of C205 on F.Cu
[unconnected_items]: Missing connection between items
    Local override; error
    @(42.8500 mm, 83.2000 mm): Pad 1 [HOT_3V3] of CX201 on F.Cu
    @(46.8000 mm, 83.0400 mm): Pad 4 [HOT_3V3] of Y201 on F.Cu
[unconnected_items]: Missing connection between items
    Local override; error
    @(50.8000 mm, 83.0400 mm): Pad 1 [HOT_3V3] of Y201 on F.Cu
    @(46.8000 mm, 83.0400 mm): Pad 4 [HOT_3V3] of Y201 on F.Cu
[unconnected_items]: Missing connection between items
    Local override; error
    @(51.0000 mm, 63.9500 mm): Pad 1 [HOT_3V3] of CI202 on F.Cu
    @(54.1250 mm, 61.3250 mm): Pad 10 [HOT_3V3] of U202 on F.Cu
[unconnected_items]: Missing connection between items
    Local override; error
    @(50.8000 mm, 83.0400 mm): Pad 1 [HOT_3V3] of Y201 on F.Cu
    @(54.1250 mm, 79.9050 mm): Pad 14 [HOT_3V3] of PS201 on F.Cu
[unconnected_items]: Missing connection between items
    Local override; error
    @(48.5875 mm, 59.8000 mm): Pad 1 [HOT_3V3] of R205 on F.Cu
    @(51.0000 mm, 63.9500 mm): Pad 1 [HOT_3V3] of CI202 on F.Cu
[unconnected_items]: Missing connection between items
    Local override; error
    @(50.0500 mm, 72.5000 mm): Pad 1 [HOT_3V3] of CP203 on F.Cu
    @(54.1250 mm, 68.9450 mm): Pad 16 [HOT_3V3] of U202 on F.Cu
[unconnected_items]: Missing connection between items
    Local override; error
    @(42.4250 mm, 72.6500 mm): Pad 3 [HOT_3V3] of U201 on F.Cu
    @(48.0500 mm, 75.0000 mm): Pad 1 [HOT_3V3] of CP204 on F.Cu
[unconnected_items]: Missing connection between items
    Local override; error
    @(48.0500 mm, 75.0000 mm): Pad 1 [HOT_3V3] of CP204 on F.Cu
    @(43.7250 mm, 79.8500 mm): Pad 28 [HOT_3V3] of U201 on F.Cu
[unconnected_items]: Missing connection between items
    Local override; error
    @(14.6000 mm, 24.9500 mm): PTH pad 2 [HOT_AUX_FUSED] of PS101
    @(16.9000 mm, 53.4000 mm): PTH pad 2 [HOT_AUX_FUSED] of F501
[unconnected_items]: Missing connection between items
    Local override; error
    @(45.0500 mm, 70.0000 mm): Pad 1 [HOT_AVDD] of C203 on F.Cu
    @(47.1125 mm, 66.5000 mm): Pad 2 [HOT_AVDD] of R203 on F.Cu
[unconnected_items]: Missing connection between items
    Local override; error
    @(41.1250 mm, 72.6500 mm): Pad 5 [HOT_AVDD] of U201 on F.Cu
    @(45.0500 mm, 70.0000 mm): Pad 1 [HOT_AVDD] of C203 on F.Cu
[unconnected_items]: Missing connection between items
    Local override; error
    @(54.1250 mm, 63.8650 mm): Pad 12 [HOT_CS] of U202 on F.Cu
    @(50.4125 mm, 59.8000 mm): Pad 2 [HOT_CS] of R205 on F.Cu
[unconnected_items]: Missing connection between items
    Local override; error
    @(41.1250 mm, 79.8500 mm): Pad 24 [HOT_CS] of U201 on F.Cu
    @(54.1250 mm, 63.8650 mm): Pad 12 [HOT_CS] of U202 on F.Cu
[unconnected_items]: Missing connection between items
    Local override; error
    @(14.0000 mm, 34.5375 mm): Pad 2 [HOT_DIV1] of RV201 on F.Cu
    @(14.0000 mm, 43.4625 mm): Pad 1 [HOT_DIV1] of RV202 on F.Cu
[unconnected_items]: Missing connection between items
    Local override; error
    @(14.0000 mm, 40.5375 mm): Pad 2 [HOT_DIV2] of RV202 on F.Cu
    @(14.0000 mm, 49.4625 mm): Pad 1 [HOT_DIV2] of RV203 on F.Cu
[unconnected_items]: Missing connection between items
    Local override; error
    @(14.0000 mm, 46.5375 mm): Pad 2 [HOT_DIV3] of RV203 on F.Cu
    @(14.0000 mm, 55.4625 mm): Pad 1 [HOT_DIV3] of RV204 on F.Cu
[unconnected_items]: Missing connection between items
    Local override; error
    @(18.5000 mm, 51.9125 mm): Pad 1 [HOT_DIV4] of RV205 on F.Cu
    @(14.0000 mm, 52.5375 mm): Pad 2 [HOT_DIV4] of RV204 on F.Cu
[unconnected_items]: Missing connection between items
    Local override; error
    @(30.0875 mm, 80.0000 mm): Pad 1 [HOT_DIV4] of RV206 on F.Cu
    @(18.5000 mm, 51.9125 mm): Pad 1 [HOT_DIV4] of RV205 on F.Cu
[unconnected_items]: Missing connection between items
    Local override; error
    @(30.6600 mm, 31.0000 mm): PTH pad 2 [HOT_FB_AC1] of R302
    @(49.6275 mm, 36.0950 mm): Pad 1 [HOT_FB_AC1] of U301 on F.Cu
[unconnected_items]: Missing connection between items
    Local override; error
    @(46.1600 mm, 35.0000 mm): PTH pad 2 [HOT_FB_AC2] of R303
    @(49.6275 mm, 39.9050 mm): Pad 4 [HOT_FB_AC2] of U301 on F.Cu
[unconnected_items]: Missing connection between items
    Local override; error
    @(17.1600 mm, 31.0000 mm): PTH pad 2 [HOT_FB_L_MID] of R301
    @(20.5000 mm, 31.0000 mm): PTH pad 1 [HOT_FB_L_MID] of R302
[unconnected_items]: Missing connection between items
    Local override; error
    @(36.0000 mm, 35.0000 mm): PTH pad 1 [HOT_FB_N_MID] of R303
    @(44.1600 mm, 31.0000 mm): PTH pad 2 [HOT_FB_N_MID] of R304
[unconnected_items]: Missing connection between items
    Local override; error
    @(39.1750 mm, 72.6500 mm): Pad 8 [HOT_GND] of U201 on F.Cu
    @(39.8250 mm, 72.6500 mm): Pad 7 [HOT_GND] of U201 on F.Cu
[unconnected_items]: Missing connection between items
    Local override; error
    @(40.4750 mm, 72.6500 mm): Pad 6 [HOT_GND] of U201 on F.Cu
    @(39.8250 mm, 72.6500 mm): Pad 7 [HOT_GND] of U201 on F.Cu
[unconnected_items]: Missing connection between items
    Local override; error
    @(38.5250 mm, 72.6500 mm): Pad 9 [HOT_GND] of U201 on F.Cu
    @(39.1750 mm, 72.6500 mm): Pad 8 [HOT_GND] of U201 on F.Cu
[unconnected_items]: Missing connection between items
    Local override; error
    @(43.7250 mm, 72.6500 mm): Pad 1 [HOT_GND] of U201 on F.Cu
    @(43.0750 mm, 72.6500 mm): Pad 2 [HOT_GND] of U201 on F.Cu
[unconnected_items]: Missing connection between items
    Local override; error
    @(54.1250 mm, 82.4450 mm): Pad 16 [HOT_GND] of PS201 on F.Cu
    @(54.1250 mm, 81.1750 mm): Pad 15 [HOT_GND] of PS201 on F.Cu
[unconnected_items]: Missing connection between items
    Local override; error
    @(36.5750 mm, 72.6500 mm): Pad 12 [HOT_GND] of U201 on F.Cu
    @(35.2750 mm, 72.6500 mm): Pad 14 [HOT_GND] of U201 on F.Cu
[unconnected_items]: Missing connection between items
    Local override; error
    @(38.5250 mm, 72.6500 mm): Pad 9 [HOT_GND] of U201 on F.Cu
    @(36.5750 mm, 72.6500 mm): Pad 12 [HOT_GND] of U201 on F.Cu
[unconnected_items]: Missing connection between items
    Local override; error
    @(31.9500 mm, 83.0000 mm): Pad 2 [HOT_GND] of CV201 on F.Cu
    @(34.0875 mm, 82.4000 mm): Pad 1 [HOT_GND] of RV207 on F.Cu
[unconnected_items]: Missing connection between items
    Local override; error
    @(51.9500 mm, 72.5000 mm): Pad 2 [HOT_GND] of CP203 on F.Cu
    @(54.1250 mm, 73.5550 mm): Pad 9 [HOT_GND] of PS201 on F.Cu
[unconnected_items]: Missing connection between items
    Local override; error
    @(32.0000 mm, 67.2500 mm): Pad 2 [HOT_GND] of C202 on F.Cu
    @(34.5000 mm, 67.2500 mm): Pad 2 [HOT_GND] of C201 on F.Cu
[unconnected_items]: Missing connection between items
    Local override; error
    @(54.1250 mm, 81.1750 mm): Pad 15 [HOT_GND] of PS201 on F.Cu
    @(54.1250 mm, 78.6350 mm): Pad 13 [HOT_GND] of PS201 on F.Cu
[unconnected_items]: Missing connection between items
    Local override; error
    @(40.4750 mm, 72.6500 mm): Pad 6 [HOT_GND] of U201 on F.Cu
    @(43.0750 mm, 72.6500 mm): Pad 2 [HOT_GND] of U201 on F.Cu
[unconnected_items]: Missing connection between items
    Local override; error
    @(50.4500 mm, 70.0000 mm): Pad 2 [HOT_GND] of C204 on F.Cu
    @(51.9500 mm, 72.5000 mm): Pad 2 [HOT_GND] of CP203 on F.Cu
[unconnected_items]: Missing connection between items
    Local override; error
    @(50.8000 mm, 77.9600 mm): Pad 2 [HOT_GND] of Y201 on F.Cu
    @(49.9500 mm, 75.0000 mm): Pad 2 [HOT_GND] of CP204 on F.Cu
[unconnected_items]: Missing connection between items
    Local override; error
    @(51.9500 mm, 72.5000 mm): Pad 2 [HOT_GND] of CP203 on F.Cu
    @(49.9500 mm, 75.0000 mm): Pad 2 [HOT_GND] of CP204 on F.Cu
[unconnected_items]: Missing connection between items
    Local override; error
    @(50.8000 mm, 77.9600 mm): Pad 2 [HOT_GND] of Y201 on F.Cu
    @(54.1250 mm, 78.6350 mm): Pad 13 [HOT_GND] of PS201 on F.Cu
[unconnected_items]: Missing connection between items
    Local override; error
    @(50.4500 mm, 70.0000 mm): Pad 2 [HOT_GND] of C204 on F.Cu
    @(46.9500 mm, 70.0000 mm): Pad 2 [HOT_GND] of C203 on F.Cu
[unconnected_items]: Missing connection between items
    Local override; error
    @(50.6500 mm, 66.5000 mm): Pad 2 [HOT_GND] of C205 on F.Cu
    @(50.4500 mm, 70.0000 mm): Pad 2 [HOT_GND] of C204 on F.Cu
[unconnected_items]: Missing connection between items
    Local override; error
    @(54.1250 mm, 67.6750 mm): Pad 15 [HOT_GND] of U202 on F.Cu
    @(50.6500 mm, 66.5000 mm): Pad 2 [HOT_GND] of C205 on F.Cu
[unconnected_items]: Missing connection between items
    Local override; error
    @(51.0000 mm, 62.0500 mm): Pad 2 [HOT_GND] of CI202 on F.Cu
    @(54.1250 mm, 60.0550 mm): Pad 9 [HOT_GND] of U202 on F.Cu
[unconnected_items]: Missing connection between items
    Local override; error
    @(46.9500 mm, 70.0000 mm): Pad 2 [HOT_GND] of C203 on F.Cu
    @(43.7250 mm, 72.6500 mm): Pad 1 [HOT_GND] of U201 on F.Cu
[unconnected_items]: Missing connection between items
    Local override; error
    @(35.2750 mm, 72.6500 mm): Pad 14 [HOT_GND] of U201 on F.Cu
    @(31.0000 mm, 73.0500 mm): Pad 2 [HOT_GND] of C206 on F.Cu
[unconnected_items]: Missing connection between items
    Local override; error
    @(34.0875 mm, 82.4000 mm): Pad 1 [HOT_GND] of RV207 on F.Cu
    @(38.5000 mm, 81.8500 mm): Pad 2 [HOT_GND] of CV202 on F.Cu
[unconnected_items]: Missing connection between items
    Local override; error
    @(51.0000 mm, 62.0500 mm): Pad 2 [HOT_GND] of CI202 on F.Cu
    @(50.6500 mm, 66.5000 mm): Pad 2 [HOT_GND] of C205 on F.Cu
[unconnected_items]: Missing connection between items
    Local override; error
    @(32.0000 mm, 67.2500 mm): Pad 2 [HOT_GND] of C202 on F.Cu
    @(28.5000 mm, 62.0000 mm): Track [HOT_GND] on F.Cu, length 4.0000 mm
[unconnected_items]: Missing connection between items
    Local override; error
    @(31.0000 mm, 73.0500 mm): Pad 2 [HOT_GND] of C206 on F.Cu
    @(27.5000 mm, 77.0500 mm): Pad 2 [HOT_GND] of C207 on F.Cu
[unconnected_items]: Missing connection between items
    Local override; error
    @(51.0000 mm, 62.0500 mm): Pad 2 [HOT_GND] of CI202 on F.Cu
    @(46.5000 mm, 59.0500 mm): Pad 2 [HOT_GND] of C208 on F.Cu
[unconnected_items]: Missing connection between items
    Local override; error
    @(34.5000 mm, 67.2500 mm): Pad 2 [HOT_GND] of C201 on F.Cu
    @(35.2750 mm, 72.6500 mm): Pad 14 [HOT_GND] of U201 on F.Cu
[unconnected_items]: Missing connection between items
    Local override; error
    @(38.5000 mm, 81.8500 mm): Pad 2 [HOT_GND] of CV202 on F.Cu
    @(44.7500 mm, 83.2000 mm): Pad 2 [HOT_GND] of CX201 on F.Cu
[unconnected_items]: Missing connection between items
    Local override; error
    @(27.5000 mm, 77.0500 mm): Pad 2 [HOT_GND] of C207 on F.Cu
    @(31.9500 mm, 83.0000 mm): Pad 2 [HOT_GND] of CV201 on F.Cu
[unconnected_items]: Missing connection between items
    Local override; error
    @(27.5000 mm, 77.0500 mm): Pad 2 [HOT_GND] of C207 on F.Cu
    @(16.9000 mm, 83.4000 mm): PTH pad 1 [HOT_GND] of F501
[unconnected_items]: Missing connection between items
    Local override; error
    @(28.5000 mm, 62.0000 mm): Track [HOT_GND] on F.Cu, length 4.0000 mm
    @(18.5000 mm, 50.0875 mm): Pad 2 [HOT_GND] of RV205 on F.Cu
[unconnected_items]: Missing connection between items
    Local override; error
    @(42.4250 mm, 79.8500 mm): Pad 26 [HOT_MISO] of U201 on F.Cu
    @(54.1250 mm, 62.5950 mm): Pad 11 [HOT_MISO] of U202 on F.Cu
[unconnected_items]: Missing connection between items
    Local override; error
    @(43.0750 mm, 79.8500 mm): Pad 27 [HOT_MOSI] of U201 on F.Cu
    @(54.1250 mm, 65.1350 mm): Pad 13 [HOT_MOSI] of U202 on F.Cu
[unconnected_items]: Missing connection between items
    Local override; error
    @(34.0000 mm, 31.0000 mm): PTH pad 1 [HOT_N] of R304
    @(28.5000 mm, 38.1400 mm): Track [HOT_N] on B.Cu, length 4.5000 mm
[unconnected_items]: Missing connection between items
    Local override; error
    @(14.0000 mm, 37.4625 mm): Pad 1 [HOT_N] of RV201 on F.Cu
    @(24.0000 mm, 38.1400 mm): Track [HOT_N] on B.Cu, length 16.2400 mm
[unconnected_items]: Missing connection between items
    Local override; error
    @(14.6000 mm, 14.2000 mm): PTH pad 1 [HOT_N] of PS101
    @(14.0000 mm, 37.4625 mm): Pad 1 [HOT_N] of RV201 on F.Cu
[unconnected_items]: Missing connection between items
    Local override; error
    @(54.2400 mm, 47.5000 mm): PTH pad 12 [HOT_NC] of K101
    @(54.2400 mm, 55.0000 mm): PTH pad 12 [HOT_NC] of K101
[unconnected_items]: Missing connection between items
    Local override; error
    @(47.0000 mm, 62.5875 mm): Pad 2 [HOT_RESET] of R204 on F.Cu
    @(46.5000 mm, 60.9500 mm): Pad 1 [HOT_RESET] of C208 on F.Cu
[unconnected_items]: Missing connection between items
    Local override; error
    @(41.7750 mm, 72.6500 mm): Pad 4 [HOT_RESET] of U201 on F.Cu
    @(47.0000 mm, 62.5875 mm): Pad 2 [HOT_RESET] of R204 on F.Cu
[unconnected_items]: Missing connection between items
    Local override; error
    @(41.7750 mm, 79.8500 mm): Pad 25 [HOT_SCLK] of U201 on F.Cu
    @(54.1250 mm, 66.4050 mm): Pad 14 [HOT_SCLK] of U202 on F.Cu
[unconnected_items]: Missing connection between items
    Local override; error
    @(7.0000 mm, 31.0000 mm): PTH pad 1 [HOT_SWITCHED] of R301
    @(32.5000 mm, 45.7600 mm): Track [HOT_SWITCHED] on F.Cu, length 4.0000 mm
[unconnected_items]: Missing connection between items
    Local override; error
    @(35.2750 mm, 79.8500 mm): Pad 15 [HOT_VN] of U201 on F.Cu
    @(35.9125 mm, 82.4000 mm): Pad 2 [HOT_VN] of RV207 on F.Cu
[unconnected_items]: Missing connection between items
    Local override; error
    @(35.9125 mm, 82.4000 mm): Pad 2 [HOT_VN] of RV207 on F.Cu
    @(38.5000 mm, 83.7500 mm): Pad 1 [HOT_VN] of CV202 on F.Cu
[unconnected_items]: Missing connection between items
    Local override; error
    @(31.9125 mm, 80.0000 mm): Pad 2 [HOT_VP] of RV206 on F.Cu
    @(30.0500 mm, 83.0000 mm): Pad 1 [HOT_VP] of CV201 on F.Cu
[unconnected_items]: Missing connection between items
    Local override; error
    @(35.9250 mm, 79.8500 mm): Pad 16 [HOT_VP] of U201 on F.Cu
    @(31.9125 mm, 80.0000 mm): Pad 2 [HOT_VP] of RV206 on F.Cu
[unconnected_items]: Missing connection between items
    Local override; error
    @(31.0000 mm, 74.9500 mm): Pad 1 [HOT_VREF] of C206 on F.Cu
    @(27.5000 mm, 78.9500 mm): Pad 1 [HOT_VREF] of C207 on F.Cu
[unconnected_items]: Missing connection between items
    Local override; error
    @(35.9250 mm, 72.6500 mm): Pad 13 [HOT_VREF] of U201 on F.Cu
    @(31.0000 mm, 74.9500 mm): Pad 1 [HOT_VREF] of C206 on F.Cu
[unconnected_items]: Missing connection between items
    Local override; error
    @(61.8250 mm, 25.0000 mm): Pad 2 [I2C_SCL] of R107 on F.Cu
    @(59.2875 mm, 28.5000 mm): Pad 1 [I2C_SCL] of U103 on F.Cu
[unconnected_items]: Missing connection between items
    Local override; error
    @(88.7500 mm, 18.5000 mm): Pad 17 [I2C_SCL] of U101 on F.Cu
    @(61.8250 mm, 25.0000 mm): Pad 2 [I2C_SCL] of R107 on F.Cu
[unconnected_items]: Missing connection between items
    Local override; error
    @(64.8250 mm, 25.0000 mm): Pad 2 [I2C_SDA] of R108 on F.Cu
    @(60.7125 mm, 28.5000 mm): Pad 6 [I2C_SDA] of U103 on F.Cu
[unconnected_items]: Missing connection between items
    Local override; error
    @(88.7500 mm, 17.0000 mm): Pad 18 [I2C_SDA] of U101 on F.Cu
    @(64.8250 mm, 25.0000 mm): Pad 2 [I2C_SDA] of R108 on F.Cu
[unconnected_items]: Missing connection between items
    Local override; error
    @(85.2700 mm, 8.5000 mm): PTH pad 2 [LED_A] of LED101
    @(85.8250 mm, 12.0000 mm): Pad 2 [LED_A] of R111 on F.Cu
[unconnected_items]: Missing connection between items
    Local override; error
    @(84.1750 mm, 12.0000 mm): Pad 1 [LED_CMD] of R111 on F.Cu
    @(88.7500 mm, 23.0000 mm): Pad 14 [LED_CMD] of U101 on F.Cu
[unconnected_items]: Missing connection between items
    Local override; error
    @(60.3725 mm, 38.6350 mm): Pad 6 [OUTPUT_PRESENT_N] of U301 on F.Cu
    @(64.0000 mm, 39.1750 mm): Pad 2 [OUTPUT_PRESENT_N] of R305 on F.Cu
[unconnected_items]: Missing connection between items
    Local override; error
    @(64.0000 mm, 39.1750 mm): Pad 2 [OUTPUT_PRESENT_N] of R305 on F.Cu
    @(88.7500 mm, 21.5000 mm): Pad 15 [OUTPUT_PRESENT_N] of U101 on F.Cu
[unconnected_items]: Missing connection between items
    Local override; error
    @(80.0000 mm, 48.8250 mm): Pad 1 [RELAY_CMD] of R101 on F.Cu
    @(88.7500 mm, 29.0000 mm): Pad 10 [RELAY_CMD] of U101 on F.Cu
[unconnected_items]: Missing connection between items
    Local override; error
    @(63.8750 mm, 63.8650 mm): Pad 5 [SPI_CS] of U202 on F.Cu
    @(67.0000 mm, 67.0875 mm): Pad 2 [SPI_CS] of R206 on F.Cu
[unconnected_items]: Missing connection between items
    Local override; error
    @(71.2500 mm, 24.5000 mm): Pad 6 [SPI_CS] of U101 on F.Cu
    @(63.8750 mm, 63.8650 mm): Pad 5 [SPI_CS] of U202 on F.Cu
[unconnected_items]: Missing connection between items
    Local override; error
    @(63.8750 mm, 62.5950 mm): Pad 6 [SPI_MISO] of U202 on F.Cu
    @(71.2500 mm, 21.5000 mm): Pad 4 [SPI_MISO] of U101 on F.Cu
[unconnected_items]: Missing connection between items
    Local override; error
    @(63.8750 mm, 65.1350 mm): Pad 4 [SPI_MOSI] of U202 on F.Cu
    @(71.2500 mm, 23.0000 mm): Pad 5 [SPI_MOSI] of U101 on F.Cu
[unconnected_items]: Missing connection between items
    Local override; error
    @(63.8750 mm, 66.4050 mm): Pad 3 [SPI_SCLK] of U202 on F.Cu
    @(71.2500 mm, 20.0000 mm): Pad 3 [SPI_SCLK] of U101 on F.Cu
[unconnected_items]: Missing connection between items
    Local override; error
    @(84.1750 mm, 60.0000 mm): Pad 1 [TH_ARM_B] of R411 on F.Cu
    @(85.8250 mm, 57.0000 mm): Pad 2 [TH_ARM_B] of R410 on F.Cu
[unconnected_items]: Missing connection between items
    Local override; error
    @(79.0625 mm, 57.0500 mm): Pad 1 [TH_ARM_B] of Q402 on F.Cu
    @(84.1750 mm, 60.0000 mm): Pad 1 [TH_ARM_B] of R411 on F.Cu
[unconnected_items]: Missing connection between items
    Local override; error
    @(95.0000 mm, 64.0000 mm): Pad 1 [TH_COIL_ARMED] of TP401 on F.Cu
    @(84.1750 mm, 57.0000 mm): Pad 1 [TH_COIL_ARMED] of R410 on F.Cu
[unconnected_items]: Missing connection between items
    Local override; error
    @(83.4000 mm, 73.7500 mm): Pad 5 [TH_COIL_ARMED] of U404 on F.Cu
    @(95.0000 mm, 64.0000 mm): Pad 1 [TH_COIL_ARMED] of TP401 on F.Cu
[unconnected_items]: Missing connection between items
    Local override; error
    @(75.8250 mm, 55.0000 mm): Pad 2 [TH_COIL_GATE] of R409 on F.Cu
    @(74.5625 mm, 57.5500 mm): Pad 1 [TH_COIL_GATE] of Q401 on F.Cu
[unconnected_items]: Missing connection between items
    Local override; error
    @(80.9375 mm, 58.0000 mm): Pad 3 [TH_COIL_GATE] of Q402 on F.Cu
    @(75.8250 mm, 55.0000 mm): Pad 2 [TH_COIL_GATE] of R409 on F.Cu
[unconnected_items]: Missing connection between items
    Local override; error
    @(91.1375 mm, 58.4500 mm): Pad 4 [TH_CT_SELECT] of U403 on F.Cu
    @(94.8250 mm, 56.0000 mm): Pad 2 [TH_CT_SELECT] of R403 on F.Cu
[unconnected_items]: Missing connection between items
    Local override; error
    @(88.8625 mm, 58.4500 mm): Pad 3 [TH_HEALTH_VALID] of U403 on F.Cu
    @(91.1375 mm, 48.9500 mm): Pad 4 [TH_HEALTH_VALID] of U402 on F.Cu
[unconnected_items]: Missing connection between items
    Local override; error
    @(84.7500 mm, 69.7500 mm): PTH pad 2 [TH_MANUAL_RAW] of SW401
    @(86.1750 mm, 73.0000 mm): Pad 1 [TH_MANUAL_RAW] of R405 on F.Cu
[unconnected_items]: Missing connection between items
    Local override; error
    @(86.1750 mm, 73.0000 mm): Pad 1 [TH_MANUAL_RAW] of R405 on F.Cu
    @(91.2500 mm, 69.7500 mm): PTH pad 2 [TH_MANUAL_RAW] of SW401
[unconnected_items]: Missing connection between items
    Local override; error
    @(79.0625 mm, 61.0500 mm): Pad 1 [TH_READY_B] of Q403 on F.Cu
    @(77.1750 mm, 65.0000 mm): Pad 1 [TH_READY_B] of R413 on F.Cu
[unconnected_items]: Missing connection between items
    Local override; error
    @(84.8250 mm, 63.0000 mm): Pad 2 [TH_READY_B] of R412 on F.Cu
    @(79.0625 mm, 61.0500 mm): Pad 1 [TH_READY_B] of Q403 on F.Cu
[unconnected_items]: Missing connection between items
    Local override; error
    @(94.8250 mm, 59.0000 mm): Pad 2 [TH_READY_RAW] of R404 on F.Cu
    @(88.8625 mm, 56.5500 mm): Pad 1 [TH_READY_RAW] of U403 on F.Cu
[unconnected_items]: Missing connection between items
    Local override; error
    @(88.8625 mm, 56.5500 mm): Pad 1 [TH_READY_RAW] of U403 on F.Cu
    @(79.3625 mm, 69.0000 mm): Pad 2 [TH_READY_RAW] of U406 on F.Cu
[unconnected_items]: Missing connection between items
    Local override; error
    @(80.6000 mm, 72.2500 mm): Pad 1 [TH_REARM_CLK] of U404 on F.Cu
    @(84.1375 mm, 80.9500 mm): Pad 4 [TH_REARM_CLK] of U405 on F.Cu
[unconnected_items]: Missing connection between items
    Local override; error
    @(90.1750 mm, 72.5000 mm): Pad 1 [TH_REARM_RC] of R407 on F.Cu
    @(87.8250 mm, 73.0000 mm): Pad 2 [TH_REARM_RC] of R405 on F.Cu
[unconnected_items]: Missing connection between items
    Local override; error
    @(81.8625 mm, 80.0000 mm): Pad 2 [TH_REARM_RC] of U405 on F.Cu
    @(87.2250 mm, 80.0000 mm): Pad 1 [TH_REARM_RC] of C405 on F.Cu
[unconnected_items]: Missing connection between items
    Local override; error
    @(87.8250 mm, 73.0000 mm): Pad 2 [TH_REARM_RC] of R405 on F.Cu
    @(87.2250 mm, 80.0000 mm): Pad 1 [TH_REARM_RC] of C405 on F.Cu
[unconnected_items]: Missing connection between items
    Local override; error
    @(79.0625 mm, 58.9500 mm): Pad 2 [TH_SINK_MID] of Q402 on F.Cu
    @(80.9375 mm, 62.0000 mm): Pad 3 [TH_SINK_MID] of Q403 on F.Cu
[unconnected_items]: Missing connection between items
    Local override; error
    @(80.9375 mm, 62.0000 mm): Pad 3 [TH_SINK_MID] of Q403 on F.Cu
    @(85.8250 mm, 60.0000 mm): Pad 2 [TH_SINK_MID] of R411 on F.Cu
[unconnected_items]: Missing connection between items
    Local override; error
    @(81.6375 mm, 69.9500 mm): Pad 4 [TH_THERMAL_READY] of U406 on F.Cu
    @(83.4000 mm, 73.2500 mm): Pad 6 [TH_THERMAL_READY] of U404 on F.Cu
[unconnected_items]: Missing connection between items
    Local override; error
    @(83.1750 mm, 63.0000 mm): Pad 1 [TH_THERMAL_READY] of R412 on F.Cu
    @(81.6375 mm, 69.9500 mm): Pad 4 [TH_THERMAL_READY] of U406 on F.Cu
[unconnected_items]: Missing connection between items
    Local override; error
    @(83.4000 mm, 73.2500 mm): Pad 6 [TH_THERMAL_READY] of U404 on F.Cu
    @(95.0000 mm, 68.0000 mm): Pad 1 [TH_THERMAL_READY] of TP402 on F.Cu
[unconnected_items]: Missing connection between items
    Local override; error
    @(88.8625 mm, 48.0000 mm): Pad 2 [TH_THERM_RETURN] of U402 on F.Cu
    @(93.1750 mm, 49.0000 mm): Pad 1 [TH_THERM_RETURN] of R402 on F.Cu
[unconnected_items]: Missing connection between items
    Local override; error
    @(93.1750 mm, 49.0000 mm): Pad 1 [TH_THERM_RETURN] of R402 on F.Cu
    @(94.0000 mm, 44.0800 mm): PTH pad 3 [TH_THERM_RETURN] of J403
[unconnected_items]: Missing connection between items
    Local override; error
    @(67.0800 mm, 7.0000 mm): PTH pad 3 [UART_RX] of J104
    @(88.7500 mm, 27.5000 mm): Pad 11 [UART_RX] of U101 on F.Cu
[unconnected_items]: Missing connection between items
    Local override; error
    @(64.5400 mm, 7.0000 mm): PTH pad 2 [UART_TX] of J104
    @(88.7500 mm, 26.0000 mm): Pad 12 [UART_TX] of U101 on F.Cu

** Found 0 Footprint errors **

** End of Report **
