Executing action: all (aliases: build)
Running ninja in directory /workspace/scratch/abc8258751a2/carbonmirror-socket/firmware/build
Executing "ninja all"...
[1/10] Performing build step for 'bootloader'
[1/1] cd /workspace/scratch/abc8258751a2/carbonmirror-socket/firmware/build/bootloader/esp-idf/esptool_py && /workspace/scratch/abc8258751a2/sdk/esp-tools/python_env/idf5.4_py3.12_env/bin/python /workspace/scratch/abc8258751a2/sdk/esp-idf/components/partition_table/check_sizes.py --offset 0x8000 bootloader 0x0 /workspace/scratch/abc8258751a2/carbonmirror-socket/firmware/build/bootloader/bootloader.bin
Bootloader binary size 0x5160 bytes. 0x2ea0 bytes (36%) free.
[2/10] No install step for 'bootloader'
[3/10] Completed 'bootloader'
[4/10] Building C object esp-idf/main/CMakeFiles/__idf_main.dir/app_main.c.obj
[5/10] Building C object esp-idf/main/CMakeFiles/__idf_main.dir/cm_network.c.obj
[6/10] Linking C static library esp-idf/main/libmain.a
[7/10] Generating ld/sections.ld
[8/10] Linking CXX executable carbonmirror_endpoint.elf
[9/10] Generating binary image from built executable
esptool.py v4.12.0
Creating esp32c3 image...
Merged 1 ELF section
Successfully created esp32c3 image.
Generated /workspace/scratch/abc8258751a2/carbonmirror-socket/firmware/build/carbonmirror_endpoint.bin
[10/10] cd /workspace/scratch/abc8258751a2/carbonmirror-socket/firmware/build/esp-idf/esptool_py && /workspace/scratch/abc8258751a2/sdk/esp-tools/python_env/idf5.4_py3.12_env/bin/python /workspace/scratch/abc8258751a2/sdk/esp-idf/components/partition_table/check_sizes.py --offset 0x8000 partition --type app /workspace/scratch/abc8258751a2/carbonmirror-socket/firmware/build/partition_table/partition-table.bin /workspace/scratch/abc8258751a2/carbonmirror-socket/firmware/build/carbonmirror_endpoint.bin
carbonmirror_endpoint.bin binary size 0x136ac0 bytes. Smallest app partition is 0x280000 bytes. 0x149540 bytes (51%) free.

Project build complete. To flash, run:
 idf.py flash
or
 idf.py -p PORT flash
or
 python -m esptool --chip esp32c3 -b 460800 --before default_reset --after hard_reset write_flash --flash_mode dio --flash_size 4MB --flash_freq 80m 0x0 firmware/build/bootloader/bootloader.bin 0x8000 firmware/build/partition_table/partition-table.bin 0x20000 firmware/build/carbonmirror_endpoint.bin
or from the "/workspace/scratch/abc8258751a2/carbonmirror-socket/firmware/build" directory
 python -m esptool --chip esp32c3 -b 460800 --before default_reset --after hard_reset write_flash "@flash_args"
